// Jest Snapshot v1, https://goo.gl/fbAQLP

exports[`snapshot test of the react dom 1`] = `
<div
  className="app"
>
  <header
    className="app-header"
  >
    <h1
      className="app-title"
    >
      Welcome to Coding-Test
    </h1>
  </header>
  <div>
    <p
      className="app-intro"
    >
      Name: 
      
    </p>
    <p
      className="app-intro"
    >
      Email: 
      
    </p>
    <input
      onChange={[Function]}
      value=""
    />
    <button
      onClick={[Function]}
    >
      Get User
    </button>
  </div>
  <form
    onSubmit={[Function]}
  >
    <label>
      First Name
    </label>
    <input
      name="first_name"
      onChange={[Function]}
    />
    <label>
      Email
    </label>
    <input
      name="email"
      onChange={[Function]}
    />
    <label>
      Password
    </label>
    <input
      name="password"
      onChange={[Function]}
    />
    <button
      type="submit"
    >
      Create User
    </button>
  </form>
</div>
`;
